[INFO] Processing build on daemon 523df1d5
[INFO] Scanning for projects...
[INFO] BuildTimeEventSpy is registered.
[INFO] 
[INFO] Using the SmartBuilder implementation with a thread count of 15
[INFO] 
[INFO] ----------------------------< com.pbl5:app >----------------------------
[INFO] Building app 1.0.0-SNAPSHOT
[INFO]   from pom.xml
[INFO] --------------------------------[ jar ]---------------------------------
[INFO] 
[INFO] >>> spring-boot:3.2.5:run (default-cli) > test-compile @ app >>>
[INFO] 
[INFO] --- resources:3.3.1:resources (default-resources) @ app ---
[INFO] Copying 1 resource from src\main\resources to target\classes
[INFO] Copying 43 resources from src\main\resources to target\classes
[INFO] 
[INFO] --- compiler:3.11.0:compile (default-compile) @ app ---
[INFO] Nothing to compile - all classes are up to date
[INFO] 
[INFO] --- resources:3.3.1:testResources (default-testResources) @ app ---
[INFO] skip non existing resourceDirectory D:\University\PBL5\PBL5\src\test\resources
[INFO] 
[INFO] --- compiler:3.11.0:testCompile (default-testCompile) @ app ---
[INFO] No sources to compile
[INFO] 
[INFO] <<< spring-boot:3.2.5:run (default-cli) < test-compile @ app <<<
[INFO] 
[INFO] 
[INFO] --- spring-boot:3.2.5:run (default-cli) @ app ---
[INFO] Attaching agents: []
[INFO] [stdout] Picked up JAVA_TOOL_OPTIONS: -Dfile.encoding=UTF-8
[INFO] [stdout] Standard Commons Logging discovery in action with spring-jcl: please remove commons-logging.jar from classpath in order to avoid potential conflicts
[INFO] [stdout] 
[INFO] [stdout]   .   ____          _            __ _ _
[INFO] [stdout]  /\\ / ___'_ __ _ _(_)_ __  __ _ \ \ \ \
[INFO] [stdout] ( ( )\___ | '_ | '_| | '_ \/ _` | \ \ \ \
[INFO] [stdout]  \\/  ___)| |_)| | | | | || (_| |  ) ) ) )
[INFO] [stdout]   '  |____| .__|_| |_|_| |_\__, | / / / /
[INFO] [stdout]  =========|_|==============|___/=/_/_/_/
[INFO] [stdout]  :: Spring Boot ::                (v3.2.5)
[INFO] [stdout] 
[INFO] [stdout] 2026-06-07T10:59:26.792+07:00  INFO 28288 --- [           main] com.pbl5.Application                     : Starting Application using Java 26 with PID 28288 (D:\University\PBL5\PBL5\target\classes started by DELL in D:\University\PBL5\PBL5)
[INFO] [stdout] 2026-06-07T10:59:26.794+07:00  INFO 28288 --- [           main] com.pbl5.Application                     : No active profile set, falling back to 1 default profile: "default"
[INFO] [stdout] 2026-06-07T10:59:27.898+07:00  INFO 28288 --- [           main] .s.d.r.c.RepositoryConfigurationDelegate : Bootstrapping Spring Data JPA repositories in DEFAULT mode.
[INFO] [stdout] 2026-06-07T10:59:28.053+07:00  INFO 28288 --- [           main] .s.d.r.c.RepositoryConfigurationDelegate : Finished Spring Data repository scanning in 144 ms. Found 14 JPA repository interfaces.
[INFO] [stdout] WARNING: A restricted method in java.lang.System has been called
[INFO] [stdout] WARNING: java.lang.System::load has been called by org.apache.tomcat.jni.Library in an unnamed module (file:/C:/Users/DELL/.m2/repository/org/apache/tomcat/embed/tomcat-embed-core/10.1.20/tomcat-embed-core-10.1.20.jar)
[INFO] [stdout] WARNING: Use --enable-native-access=ALL-UNNAMED to avoid a warning for callers in this module
[INFO] [stdout] WARNING: Restricted methods will be blocked in a future release unless native access is enabled
[INFO] [stdout] 
[INFO] [stdout] 2026-06-07T10:59:28.953+07:00  INFO 28288 --- [           main] o.s.b.w.embedded.tomcat.TomcatWebServer  : Tomcat initialized with port 8080 (http)
[INFO] [stdout] 2026-06-07T10:59:28.971+07:00  INFO 28288 --- [           main] o.apache.catalina.core.StandardService   : Starting service [Tomcat]
[INFO] [stdout] 2026-06-07T10:59:28.972+07:00  INFO 28288 --- [           main] o.apache.catalina.core.StandardEngine    : Starting Servlet engine: [Apache Tomcat/10.1.20]
[INFO] [stdout] 2026-06-07T10:59:29.066+07:00  INFO 28288 --- [           main] o.a.c.c.C.[Tomcat].[localhost].[/]       : Initializing Spring embedded WebApplicationContext
[INFO] [stdout] 2026-06-07T10:59:29.067+07:00  INFO 28288 --- [           main] w.s.c.ServletWebServerApplicationContext : Root WebApplicationContext: initialization completed in 2201 ms
[INFO] [stdout] Standard Commons Logging discovery in action with spring-jcl: please remove commons-logging.jar from classpath in order to avoid potential conflicts
[INFO] [stdout] 2026-06-07T10:59:29.298+07:00  INFO 28288 --- [           main] o.hibernate.jpa.internal.util.LogHelper  : HHH000204: Processing PersistenceUnitInfo [name: default]
[INFO] [stdout] 2026-06-07T10:59:29.424+07:00  INFO 28288 --- [           main] org.hibernate.Version                    : HHH000412: Hibernate ORM core version 6.4.4.Final
[INFO] [stdout] 2026-06-07T10:59:29.482+07:00  INFO 28288 --- [           main] o.h.c.internal.RegionFactoryInitiator    : HHH000026: Second-level cache disabled
[INFO] [stdout] 2026-06-07T10:59:29.823+07:00  INFO 28288 --- [           main] o.s.o.j.p.SpringPersistenceUnitInfo      : No LoadTimeWeaver setup: ignoring JPA class transformer
[INFO] [stdout] 2026-06-07T10:59:29.862+07:00  INFO 28288 --- [           main] com.zaxxer.hikari.HikariDataSource       : HikariPool-1 - Starting...
[INFO] [stdout] 2026-06-07T10:59:31.777+07:00  INFO 28288 --- [           main] com.zaxxer.hikari.pool.HikariPool        : HikariPool-1 - Added connection org.postgresql.jdbc.PgConnection@77bb916f
[INFO] [stdout] 2026-06-07T10:59:31.780+07:00  INFO 28288 --- [           main] com.zaxxer.hikari.HikariDataSource       : HikariPool-1 - Start completed.
[INFO] [stdout] 2026-06-07T10:59:31.962+07:00  WARN 28288 --- [           main] org.hibernate.orm.deprecation            : HHH90000025: PostgreSQLDialect does not need to be specified explicitly using 'hibernate.dialect' (remove the property setting and it will be selected by default)
[INFO] [stdout] 2026-06-07T10:59:33.895+07:00  INFO 28288 --- [           main] o.h.e.t.j.p.i.JtaPlatformInitiator       : HHH000489: No JTA platform available (set 'hibernate.transaction.jta.platform' to enable JTA platform integration)
[INFO] [stdout] 2026-06-07T10:59:44.935+07:00  INFO 28288 --- [           main] j.LocalContainerEntityManagerFactoryBean : Initialized JPA EntityManagerFactory for persistence unit 'default'
[INFO] [stdout] 2026-06-07T10:59:45.365+07:00  INFO 28288 --- [           main] o.s.d.j.r.query.QueryEnhancerFactory     : Hibernate is in classpath; If applicable, HQL parser will be used.
[INFO] [stdout] 2026-06-07T10:59:51.639+07:00  WARN 28288 --- [           main] JpaBaseConfiguration$JpaWebConfiguration : spring.jpa.open-in-view is enabled by default. Therefore, database queries may be performed during view rendering. Explicitly configure spring.jpa.open-in-view to disable this warning
[INFO] [stdout] 2026-06-07T10:59:51.907+07:00  INFO 28288 --- [           main] o.s.b.a.w.s.WelcomePageHandlerMapping    : Adding welcome page: class path resource [static/index.html]
[INFO] [stdout] 2026-06-07T10:59:52.261+07:00  INFO 28288 --- [           main] o.s.s.web.DefaultSecurityFilterChain     : Will secure any request with [org.springframework.security.web.session.DisableEncodeUrlFilter@625f83d1, org.springframework.security.web.context.request.async.WebAsyncManagerIntegrationFilter@473e2ded, org.springframework.security.web.context.SecurityContextHolderFilter@1753ef3d, org.springframework.security.web.header.HeaderWriterFilter@24f4bcdf, org.springframework.web.filter.CorsFilter@6a91c21e, org.springframework.security.web.authentication.logout.LogoutFilter@35a35b96, org.springframework.security.oauth2.client.web.OAuth2AuthorizationRequestRedirectFilter@274c6a3c, org.springframework.security.oauth2.client.web.OAuth2LoginAuthenticationFilter@22b0fe81, com.pbl5.security.JwtAuthenticationFilter@44459661, org.springframework.security.web.authentication.ui.DefaultLoginPageGeneratingFilter@59057592, org.springframework.security.web.authentication.ui.DefaultLogoutPageGeneratingFilter@267dc9f5, org.springframework.security.web.savedrequest.RequestCacheAwareFilter@50fa63c6, org.springframework.security.web.servletapi.SecurityContextHolderAwareRequestFilter@58c39a5d, org.springframework.security.web.authentication.AnonymousAuthenticationFilter@382297e0, org.springframework.security.web.access.ExceptionTranslationFilter@3e967e6d, org.springframework.security.web.access.intercept.AuthorizationFilter@629bc1f]
[INFO] [stdout] 2026-06-07T10:59:52.713+07:00  INFO 28288 --- [           main] o.s.b.w.embedded.tomcat.TomcatWebServer  : Tomcat started on port 8080 (http) with context path ''
[INFO] [stdout] 2026-06-07T10:59:52.716+07:00  INFO 28288 --- [           main] o.s.m.s.b.SimpleBrokerMessageHandler     : Starting...
[INFO] [stdout] 2026-06-07T10:59:52.717+07:00  INFO 28288 --- [           main] o.s.m.s.b.SimpleBrokerMessageHandler     : BrokerAvailabilityEvent[available=true, SimpleBrokerMessageHandler [org.springframework.messaging.simp.broker.DefaultSubscriptionRegistry@665d3519]]
[INFO] [stdout] 2026-06-07T10:59:52.717+07:00  INFO 28288 --- [           main] o.s.m.s.b.SimpleBrokerMessageHandler     : Started.
[INFO] [stdout] 2026-06-07T10:59:52.735+07:00  INFO 28288 --- [           main] com.pbl5.Application                     : Started Application in 26.443 seconds (process running for 26.939)
[INFO] [stdout] 2026-06-07T10:59:52.740+07:00  INFO 28288 --- [           main] c.pbl5.config.DatabaseMigrationRunner    : Checking and altering columns to TEXT to prevent DataIntegrityViolationException...
[INFO] [stdout] 2026-06-07T10:59:53.705+07:00  INFO 28288 --- [           main] c.pbl5.config.DatabaseMigrationRunner    : Successfully dropped check constraint and altered columns to TEXT.
[INFO] [stdout] 2026-06-07T10:59:53.705+07:00  INFO 28288 --- [           main] c.pbl5.config.DatabaseMigrationRunner    : Creating physical indexes to optimize database performance...
[INFO] [stdout] 2026-06-07T10:59:54.626+07:00  INFO 28288 --- [           main] c.pbl5.config.DatabaseMigrationRunner    : Successfully created all optimized indexes.
[INFO] [stdout] Checking connection to PostgreSQL...
[INFO] [stdout] ? PostgreSQL connection successful!
[INFO] [stdout] ? Database: PostgreSQL 17.6
[INFO] [stdout] ? Admin account already exists, skipping initialization.
[INFO] [stdout] ? Python moderation API is ready at http://127.0.0.1:5000/health
[INFO] [stdout] 
[INFO] [stdout] 
[INFO] [stdout] ==========================================================
[INFO] [stdout] ? JAVA SPRING BOOT SERVER STARTED SUCCESSFULLY! ?
[INFO] [stdout] ? Local Address: http://localhost:8080
[INFO] [stdout] ? Deployment Domain: https://pbl5-omru.onrender.com
[INFO] [stdout] ==========================================================
[INFO] [stdout] 
[INFO] [stdout] 2026-06-07T11:00:00.009+07:00  INFO 28288 --- [MessageBroker-1] com.pbl5.service.PostCleanupScheduler    : [CLEANUP] Starting cleanup of deleted/rejected posts older than 3 days...
[INFO] [stdout] 2026-06-07T11:00:00.707+07:00  INFO 28288 --- [MessageBroker-1] com.pbl5.service.PostCleanupScheduler    : [CLEANUP] Finished cleanup. Total posts deleted from database: 0
[INFO] [stdout] 2026-06-07T11:00:11.011+07:00  INFO 28288 --- [0.0-8080-exec-1] o.a.c.c.C.[Tomcat].[localhost].[/]       : Initializing Spring DispatcherServlet 'dispatcherServlet'
[INFO] [stdout] 2026-06-07T11:00:11.011+07:00  INFO 28288 --- [0.0-8080-exec-1] o.s.web.servlet.DispatcherServlet        : Initializing Servlet 'dispatcherServlet'
[INFO] [stdout] 2026-06-07T11:00:11.014+07:00  INFO 28288 --- [0.0-8080-exec-1] o.s.web.servlet.DispatcherServlet        : Completed initialization in 3 ms
[INFO] [stdout] 2026-06-07T11:00:52.693+07:00  INFO 28288 --- [MessageBroker-2] o.s.w.s.c.WebSocketMessageBrokerStats    : WebSocketSession[0 current WS(0)-HttpStream(0)-HttpPoll(0), 0 total, 0 closed abnormally (0 connect failure, 0 send limit, 0 transport error)], stompSubProtocol[processed CONNECT(0)-CONNECTED(0)-DISCONNECT(0)], stompBrokerRelay[null], inboundChannel[pool size = 0, active threads = 0, queued tasks = 0, completed tasks = 0], outboundChannel[pool size = 0, active threads = 0, queued tasks = 0, completed tasks = 0], sockJsScheduler[pool size = 3, active threads = 1, queued tasks = 1, completed tasks = 1]
[INFO] ------------------------------------------------------------------------
[INFO] BUILD FAILURE
[INFO] ------------------------------------------------------------------------
[INFO] Total time:  06:50 min (Wall Clock)
[INFO] Finished at: 2026-06-07T11:06:15+07:00
[INFO] ------------------------------------------------------------------------
[ERROR] Failed to execute goal org.springframework.boot:spring-boot-maven-plugin:3.2.5:run (default-cli) on project app: Process terminated with exit code: 1 -> [Help 1]
[ERROR] 
[ERROR] To see the full stack trace of the errors, re-run Maven with the -e switch.
[ERROR] Re-run Maven using the -X switch to enable full debug logging.
[ERROR] 
[ERROR] For more information about the errors and possible solutions, please read the following articles:
[ERROR] [Help 1] http://cwiki.apache.org/confluence/display/MAVEN/MojoExecutionException
